<?xml version="1.0" encoding="utf-8"?><testsuites name="pytest tests"><testsuite name="pytest" errors="0" failures="0" skipped="0" tests="2" time="1.023" timestamp="2025-08-24T20:38:15.905254+01:00" hostname="Jamess-MacBook-Pro.local"><testcase classname="tests.test_health" name="test_health_endpoint" time="0.017" /><testcase classname="tests.test_health" name="test_root_page" time="0.007" /></testsuite></testsuites>